<html>
<body>
<pre>
<h1>µVision Build Log</h1>
<h2>Tool Versions:</h2>
IDE-Version: µVision V5.42.0.0
Copyright (C) 2025 ARM Ltd and ARM Germany GmbH. All rights reserved.
License Information: Taggart Vowels, University of Washington Bothell, LIC=----
 
Tool Versions:
Toolchain:       MDK-Lite  Version: 5.42.0.0
Toolchain Path:  C:\Users\tagga\AppData\Local\Keil_v5\ARM\ARMCLANG\Bin
C Compiler:      ArmClang.exe V6.23
Assembler:       Armasm.exe V6.23
Linker/Locator:  ArmLink.exe V6.23
Library Manager: ArmAr.exe V6.23
Hex Converter:   FromElf.exe V6.23
CPU DLL:         SARMCM3.DLL V5.42.0.0
Dialog DLL:      DCM.DLL V1.17.5.0
Target DLL:      UL2CM3.DLL V1.164.14.0
Dialog DLL:      TCM.DLL V1.56.6.0
 
<h2>Project:</h2>
C:\Users\tagga\OneDrive\Desktop\ARM_Final\ARM_Final.uvprojx
Project File Date:  06/06/2025

<h2>Output:</h2>
*** Using Compiler 'V6.23', folder: 'C:\Users\tagga\AppData\Local\Keil_v5\ARM\ARMCLANG\Bin'
Rebuild target 'Target_1'
driver_keil.c(13): warning: unused parameter 'signum' [-Wunused-parameter]
   13 | void sig_handler1( int signum ) {
      |                        ^
driver_keil.c(17): warning: unused parameter 'signum' [-Wunused-parameter]
   17 | void sig_handler2( int signum ) {
      |                        ^
2 warnings generated.
compiling driver_keil.c...
"timer.s", line 100: Warning: A1581W: Added 2 bytes of padding at address 0x62
  100 00000064    END
0 Errors, 1 Warning
assembling timer.s...
assembling startup_TM4C129.s...
assembling stdlib.s...
assembling heap.s...
"svc.s", line 57: Warning: A1581W: Added 2 bytes of padding at address 0x42
   57 00000044   END
0 Errors, 1 Warning
assembling svc.s...
compiling system_TM4C129.c...
linking...
Program Size: Code=2072 RO-data=584 RW-data=4 ZI-data=24680  
".\Objects\ARM_Final.axf" - 0 Error(s), 2 Warning(s).

<h2>Software Packages used:</h2>

Package Vendor: ARM
                https://www.keil.com/pack/ARM.CMSIS.6.1.0.pack
                ARM::CMSIS@6.1.0
                CMSIS (Common Microcontroller Software Interface Standard)
   * Component: CORE Version: 6.1.0

Package Vendor: Keil
                http://www.keil.com/pack/Keil.TM4C_DFP.1.1.0.pack
                Keil::TM4C_DFP@1.1.0
                Texas Instruments Tiva C Series Device Support and Examples
   * Component: Startup Version: 1.0.0

<h2>Collection of Component include folders:</h2>
  ./RTE/_Target_1
  C:/Users/tagga/AppData/Local/Arm/Packs/ARM/CMSIS/6.1.0/CMSIS/Core/Include
  C:/Users/tagga/AppData/Local/Arm/Packs/Keil/TM4C_DFP/1.1.0/Device/Include/TM4C129

<h2>Collection of Component Files used:</h2>

   * Component: ARM::CMSIS:CORE@6.1.0

   * Component: Keil::Device:Startup@1.0.0
      Include file:  Device/Include/TM4C129/TM4C129.h
      Source file:   Device/Source/ARM/startup_TM4C129.s
      Source file:   Device/Source/system_TM4C129.c
Build Time Elapsed:  00:00:02
</pre>
</body>
</html>
